// Jest Snapshot v1, https://goo.gl/fbAQLP

exports[`render matches snapshot 1`] = `
<div
  className="autosuggest"
>
  <section
    className={null}
  >
    <input
      className={null}
      placeholder="GitHub Username"
    />
  </section>
  <nav>
    <ul>
      <li
        key="myhduck"
        onClick={[Function]}
      >
        <Avatar
          login="myhduck"
          url="https://avatars2.githubusercontent.com/u/1555350?v=4"
        />
        <div>
          <h4>
            myhduck
          </h4>
          <a
            href="https://github.com/myhduck"
            onClick={[Function]}
          >
            .
            /myhduck
          </a>
        </div>
      </li>
      <li
        key="trevor"
        onClick={[Function]}
      >
        <Avatar
          login="trevor"
          url="https://avatars0.githubusercontent.com/u/5945?v=4"
        />
        <div>
          <h4>
            trevor
          </h4>
          <a
            href="https://github.com/trevor"
            onClick={[Function]}
          >
            .
            /trevor
          </a>
        </div>
      </li>
      <li
        key="ogijun"
        onClick={[Function]}
      >
        <Avatar
          login="ogijun"
          url="https://avatars0.githubusercontent.com/u/8826?v=4"
        />
        <div>
          <h4>
            ogijun
          </h4>
          <a
            href="https://github.com/ogijun"
            onClick={[Function]}
          >
            .
            /ogijun
          </a>
        </div>
      </li>
    </ul>
    <aside>
      Total users from this query: 10
    </aside>
  </nav>
</div>
`;
