// Jest Snapshot v1, https://goo.gl/fbAQLP

exports[`render matches snapshot 1`] = `
<div
  className="App"
>
  <header
    className="App-header"
  >
    Ritani interview assesment
  </header>
  <div
    className="flex"
  >
    <section
      className="gr-2"
    >
      <Search
        autocomplete_open={false}
        autocomplete_total={0}
        autocomplete_users={0}
        autocomplete_value=""
        handleClick={[Function]}
        loading={false}
      />
    </section>
    <section
      className="gr-1"
    >
      <DisplayResults
        handleClick={[Function]}
        hasMoar={false}
        selectedUser={false}
        totalFollowers={0}
        users={Array []}
      />
    </section>
  </div>
</div>
`;
