// Jest Snapshot v1, https://goo.gl/fbAQLP

exports[`render matches snapshot 1`] = `
<div
  className="App"
  onClick={[Function]}
>
  <header
    className="App-header"
  >
    Ritani interview assesment
  </header>
  <section>
    <Search
      autocomplete_open={false}
      autocomplete_total={0}
      autocomplete_users={0}
      autocomplete_value=""
      handleChange={[Function]}
      handleClick={[Function]}
    />
  </section>
  <section>
    <DisplayResults
      handleClick={[Function]}
      hasMoar={false}
      users={Array []}
    />
  </section>
</div>
`;
